26-03-16 19:41:13.239 : 009_RFDN_SPAN
26-03-16 19:41:13.494 : 0000001.png - PSNR: 25.65 dB
26-03-16 19:41:13.575 : 0000002.png - PSNR: 21.01 dB
26-03-16 19:41:13.576 :       Max Memory : 213.859 [M]
26-03-16 19:41:13.576 : ------> Average runtime of (valid) is : 81.341457 milliseconds
26-03-16 19:41:13.576 : ------> Average PSNR of (valid) is : 23.329860 dB
26-03-16 19:41:13.583 :     #Activations : 84.5414 [M]
26-03-16 19:41:13.583 :          #Conv2d : 36
26-03-16 19:41:13.616 :            FLOPs : 22.6009 [G]
26-03-16 19:41:13.616 :          #Params : 0.3462 [M]
26-03-16 19:42:01.221 : 009_RFDN_SPAN
26-03-16 19:42:01.516 : 0000001.png - PSNR: 25.65 dB
26-03-16 19:42:01.676 : 0000002.png - PSNR: 21.01 dB
26-03-16 19:42:01.974 : 0000003.png - PSNR: 26.42 dB
26-03-16 19:42:02.024 : 0000004.png - PSNR: 24.30 dB
26-03-16 19:42:02.387 : 0000005.png - PSNR: 25.08 dB
26-03-16 19:42:02.548 : 0000006.png - PSNR: 20.42 dB
26-03-16 19:42:02.697 : 0000007.png - PSNR: 19.84 dB
26-03-16 19:42:02.790 : 0000008.png - PSNR: 23.39 dB
26-03-16 19:42:02.890 : 0000009.png - PSNR: 23.24 dB
26-03-16 19:42:03.031 : 0000010.png - PSNR: 20.99 dB
26-03-16 19:42:03.177 : 0000011.png - PSNR: 25.66 dB
26-03-16 19:42:03.365 : 0000012.png - PSNR: 25.26 dB
26-03-16 19:42:03.587 : 0000013.png - PSNR: 26.07 dB
26-03-16 19:42:03.633 : 0000014.png - PSNR: 24.81 dB
26-03-16 19:42:03.736 : 0000015.png - PSNR: 22.87 dB
26-03-16 19:42:03.966 : 0000016.png - PSNR: 21.06 dB
26-03-16 19:42:04.123 : 0000017.png - PSNR: 22.61 dB
26-03-16 19:42:04.415 : 0000018.png - PSNR: 25.87 dB
26-03-16 19:42:04.857 : 0000019.png - PSNR: 22.66 dB
26-03-16 19:42:05.219 : 0000020.png - PSNR: 25.01 dB
26-03-16 19:42:05.483 : 0000021.png - PSNR: 24.29 dB
26-03-16 19:42:05.727 : 0000022.png - PSNR: 26.00 dB
26-03-16 19:42:06.105 : 0000023.png - PSNR: 31.41 dB
26-03-16 19:42:06.159 : 0000024.png - PSNR: 20.94 dB
26-03-16 19:42:06.441 : 0000025.png - PSNR: 25.82 dB
26-03-16 19:42:06.547 : 0000026.png - PSNR: 31.60 dB
26-03-16 19:42:06.758 : 0000027.png - PSNR: 22.46 dB
26-03-16 19:42:06.862 : 0000028.png - PSNR: 20.80 dB
26-03-16 19:42:06.979 : 0000029.png - PSNR: 24.65 dB
26-03-16 19:42:07.223 : 0000030.png - PSNR: 23.35 dB
26-03-16 19:42:07.387 : 0000031.png - PSNR: 35.50 dB
26-03-16 19:42:07.571 : 0000032.png - PSNR: 21.46 dB
26-03-16 19:42:07.713 : 0000033.png - PSNR: 24.75 dB
26-03-16 19:42:07.737 : 0000034.png - PSNR: 21.71 dB
26-03-16 19:42:07.791 : 0000035.png - PSNR: 27.55 dB
26-03-16 19:42:07.885 : 0000036.png - PSNR: 21.16 dB
26-03-16 19:42:08.152 : 0000037.png - PSNR: 23.69 dB
26-03-16 19:42:08.351 : 0000038.png - PSNR: 23.57 dB
26-03-16 19:42:08.642 : 0000039.png - PSNR: 22.58 dB
26-03-16 19:42:09.061 : 0000040.png - PSNR: 33.65 dB
26-03-16 19:42:09.220 : 0000041.png - PSNR: 24.89 dB
26-03-16 19:42:09.253 : 0000042.png - PSNR: 21.93 dB
26-03-16 19:42:09.419 : 0000043.png - PSNR: 23.12 dB
26-03-16 19:42:09.471 : 0000044.png - PSNR: 24.11 dB
26-03-16 19:42:09.505 : 0000045.png - PSNR: 25.23 dB
26-03-16 19:42:09.631 : 0000046.png - PSNR: 26.35 dB
26-03-16 19:42:09.767 : 0000047.png - PSNR: 21.21 dB
26-03-16 19:42:10.129 : 0000048.png - PSNR: 29.32 dB
26-03-16 19:42:10.329 : 0000049.png - PSNR: 24.78 dB
26-03-16 19:42:10.394 : 0000050.png - PSNR: 29.69 dB
26-03-16 19:42:10.450 : 0000051.png - PSNR: 23.71 dB
26-03-16 19:42:10.638 : 0000052.png - PSNR: 26.21 dB
26-03-16 19:42:10.927 : 0000053.png - PSNR: 32.01 dB
26-03-16 19:42:11.002 : 0000054.png - PSNR: 27.95 dB
26-03-16 19:42:11.061 : 0000055.png - PSNR: 27.16 dB
26-03-16 19:42:11.154 : 0000056.png - PSNR: 24.74 dB
26-03-16 19:42:11.188 : 0000057.png - PSNR: 22.60 dB
26-03-16 19:42:11.323 : 0000058.png - PSNR: 19.17 dB
26-03-16 19:42:11.410 : 0000059.png - PSNR: 23.16 dB
26-03-16 19:42:11.492 : 0000060.png - PSNR: 22.82 dB
26-03-16 19:42:11.580 : 0000061.png - PSNR: 23.87 dB
26-03-16 19:42:11.655 : 0000062.png - PSNR: 20.86 dB
26-03-16 19:42:11.701 : 0000063.png - PSNR: 21.38 dB
26-03-16 19:42:11.802 : 0000064.png - PSNR: 28.33 dB
26-03-16 19:42:11.897 : 0000065.png - PSNR: 23.34 dB
26-03-16 19:42:11.974 : 0000066.png - PSNR: 24.03 dB
26-03-16 19:42:12.026 : 0000067.png - PSNR: 23.03 dB
26-03-16 19:42:12.108 : 0000068.png - PSNR: 26.61 dB
26-03-16 19:42:12.180 : 0000069.png - PSNR: 29.29 dB
26-03-16 19:42:12.261 : 0000070.png - PSNR: 30.88 dB
26-03-16 19:42:12.315 : 0000071.png - PSNR: 27.16 dB
26-03-16 19:42:12.388 : 0000072.png - PSNR: 26.57 dB
26-03-16 19:42:12.466 : 0000073.png - PSNR: 22.17 dB
26-03-16 19:42:12.550 : 0000074.png - PSNR: 27.35 dB
26-03-16 19:42:12.618 : 0000075.png - PSNR: 28.76 dB
26-03-16 19:42:12.708 : 0000076.png - PSNR: 22.95 dB
26-03-16 19:42:12.737 : 0000077.png - PSNR: 24.34 dB
26-03-16 19:42:12.802 : 0000078.png - PSNR: 26.06 dB
26-03-16 19:42:12.864 : 0000079.png - PSNR: 24.34 dB
26-03-16 19:42:12.947 : 0000080.png - PSNR: 24.31 dB
26-03-16 19:42:13.016 : 0000081.png - PSNR: 23.76 dB
26-03-16 19:42:13.104 : 0000082.png - PSNR: 19.77 dB
26-03-16 19:42:13.184 : 0000083.png - PSNR: 30.02 dB
26-03-16 19:42:13.222 : 0000084.png - PSNR: 31.50 dB
26-03-16 19:42:13.268 : 0000085.png - PSNR: 24.97 dB
26-03-16 19:42:13.350 : 0000086.png - PSNR: 27.20 dB
26-03-16 19:42:13.406 : 0000087.png - PSNR: 31.24 dB
26-03-16 19:42:13.498 : 0000088.png - PSNR: 29.85 dB
26-03-16 19:42:13.541 : 0000089.png - PSNR: 22.77 dB
26-03-16 19:42:13.618 : 0000090.png - PSNR: 21.44 dB
26-03-16 19:42:13.696 : 0000091.png - PSNR: 22.06 dB
26-03-16 19:42:13.788 : 0000092.png - PSNR: 18.94 dB
26-03-16 19:42:13.832 : 0000093.png - PSNR: 24.91 dB
26-03-16 19:42:13.888 : 0000094.png - PSNR: 22.86 dB
26-03-16 19:42:13.937 : 0000095.png - PSNR: 26.57 dB
26-03-16 19:42:14.043 : 0000096.png - PSNR: 29.57 dB
26-03-16 19:42:14.086 : 0000097.png - PSNR: 30.08 dB
26-03-16 19:42:14.287 : 0000098.png - PSNR: 24.12 dB
26-03-16 19:42:14.337 : 0000099.png - PSNR: 21.61 dB
26-03-16 19:42:14.415 : 0000100.png - PSNR: 25.20 dB
26-03-16 19:42:14.578 : 0801.png - PSNR: 29.26 dB
26-03-16 19:42:14.736 : 0802.png - PSNR: 35.19 dB
26-03-16 19:42:14.935 : 0803.png - PSNR: 40.17 dB
26-03-16 19:42:15.081 : 0804.png - PSNR: 27.43 dB
26-03-16 19:42:15.267 : 0805.png - PSNR: 28.46 dB
26-03-16 19:42:15.431 : 0806.png - PSNR: 28.25 dB
26-03-16 19:42:15.566 : 0807.png - PSNR: 20.23 dB
26-03-16 19:42:15.725 : 0808.png - PSNR: 26.82 dB
26-03-16 19:42:15.897 : 0809.png - PSNR: 32.16 dB
26-03-16 19:42:16.097 : 0810.png - PSNR: 26.65 dB
26-03-16 19:42:16.259 : 0811.png - PSNR: 29.06 dB
26-03-16 19:42:16.447 : 0812.png - PSNR: 27.89 dB
26-03-16 19:42:16.624 : 0813.png - PSNR: 31.34 dB
26-03-16 19:42:16.792 : 0814.png - PSNR: 28.24 dB
26-03-16 19:42:16.949 : 0815.png - PSNR: 33.89 dB
26-03-16 19:42:17.116 : 0816.png - PSNR: 31.63 dB
26-03-16 19:42:17.304 : 0817.png - PSNR: 32.00 dB
26-03-16 19:42:17.496 : 0818.png - PSNR: 28.75 dB
26-03-16 19:42:17.672 : 0819.png - PSNR: 27.98 dB
26-03-16 19:42:17.840 : 0820.png - PSNR: 24.93 dB
26-03-16 19:42:18.007 : 0821.png - PSNR: 32.06 dB
26-03-16 19:42:18.222 : 0822.png - PSNR: 30.62 dB
26-03-16 19:42:18.379 : 0823.png - PSNR: 26.05 dB
26-03-16 19:42:18.535 : 0824.png - PSNR: 28.50 dB
26-03-16 19:42:18.702 : 0825.png - PSNR: 27.40 dB
26-03-16 19:42:18.887 : 0826.png - PSNR: 24.21 dB
26-03-16 19:42:19.074 : 0827.png - PSNR: 33.47 dB
26-03-16 19:42:19.315 : 0828.png - PSNR: 21.70 dB
26-03-16 19:42:19.467 : 0829.png - PSNR: 26.58 dB
26-03-16 19:42:19.566 : 0830.png - PSNR: 24.55 dB
26-03-16 19:42:19.734 : 0831.png - PSNR: 30.51 dB
26-03-16 19:42:19.901 : 0832.png - PSNR: 30.58 dB
26-03-16 19:42:20.080 : 0833.png - PSNR: 34.11 dB
26-03-16 19:42:20.240 : 0834.png - PSNR: 25.39 dB
26-03-16 19:42:20.438 : 0835.png - PSNR: 22.84 dB
26-03-16 19:42:20.624 : 0836.png - PSNR: 26.00 dB
26-03-16 19:42:20.786 : 0837.png - PSNR: 26.27 dB
26-03-16 19:42:20.936 : 0838.png - PSNR: 37.69 dB
26-03-16 19:42:21.079 : 0839.png - PSNR: 29.07 dB
26-03-16 19:42:21.240 : 0840.png - PSNR: 28.39 dB
26-03-16 19:42:21.410 : 0841.png - PSNR: 28.12 dB
26-03-16 19:42:21.561 : 0842.png - PSNR: 29.70 dB
26-03-16 19:42:21.691 : 0843.png - PSNR: 41.07 dB
26-03-16 19:42:21.851 : 0844.png - PSNR: 43.97 dB
26-03-16 19:42:22.010 : 0845.png - PSNR: 24.13 dB
26-03-16 19:42:22.199 : 0846.png - PSNR: 25.59 dB
26-03-16 19:42:22.366 : 0847.png - PSNR: 27.81 dB
26-03-16 19:42:22.550 : 0848.png - PSNR: 27.27 dB
26-03-16 19:42:22.722 : 0849.png - PSNR: 22.36 dB
26-03-16 19:42:22.878 : 0850.png - PSNR: 29.12 dB
26-03-16 19:42:23.039 : 0851.png - PSNR: 28.43 dB
26-03-16 19:42:23.171 : 0852.png - PSNR: 30.00 dB
26-03-16 19:42:23.335 : 0853.png - PSNR: 34.01 dB
26-03-16 19:42:23.472 : 0854.png - PSNR: 24.93 dB
26-03-16 19:42:23.749 : 0855.png - PSNR: 29.32 dB
26-03-16 19:42:23.911 : 0856.png - PSNR: 24.21 dB
26-03-16 19:42:24.093 : 0857.png - PSNR: 34.90 dB
26-03-16 19:42:24.253 : 0858.png - PSNR: 28.51 dB
26-03-16 19:42:24.416 : 0859.png - PSNR: 25.26 dB
26-03-16 19:42:24.607 : 0860.png - PSNR: 20.56 dB
26-03-16 19:42:24.773 : 0861.png - PSNR: 23.08 dB
26-03-16 19:42:24.926 : 0862.png - PSNR: 33.10 dB
26-03-16 19:42:25.108 : 0863.png - PSNR: 33.18 dB
26-03-16 19:42:25.271 : 0864.png - PSNR: 29.94 dB
26-03-16 19:42:25.458 : 0865.png - PSNR: 27.29 dB
26-03-16 19:42:25.625 : 0866.png - PSNR: 24.98 dB
26-03-16 19:42:25.793 : 0867.png - PSNR: 28.52 dB
26-03-16 19:42:25.936 : 0868.png - PSNR: 32.82 dB
26-03-16 19:42:26.093 : 0869.png - PSNR: 23.72 dB
26-03-16 19:42:26.299 : 0870.png - PSNR: 28.53 dB
26-03-16 19:42:26.466 : 0871.png - PSNR: 32.12 dB
26-03-16 19:42:26.626 : 0872.png - PSNR: 23.99 dB
26-03-16 19:42:26.793 : 0873.png - PSNR: 24.07 dB
26-03-16 19:42:26.960 : 0874.png - PSNR: 30.08 dB
26-03-16 19:42:27.159 : 0875.png - PSNR: 24.37 dB
26-03-16 19:42:27.320 : 0876.png - PSNR: 22.13 dB
26-03-16 19:42:27.451 : 0877.png - PSNR: 40.13 dB
26-03-16 19:42:27.663 : 0878.png - PSNR: 32.13 dB
26-03-16 19:42:27.899 : 0879.png - PSNR: 27.36 dB
26-03-16 19:42:28.056 : 0880.png - PSNR: 31.99 dB
26-03-16 19:42:28.209 : 0881.png - PSNR: 25.97 dB
26-03-16 19:42:28.374 : 0882.png - PSNR: 34.07 dB
26-03-16 19:42:28.556 : 0883.png - PSNR: 26.26 dB
26-03-16 19:42:28.725 : 0884.png - PSNR: 25.96 dB
26-03-16 19:42:28.902 : 0885.png - PSNR: 22.87 dB
26-03-16 19:42:29.080 : 0886.png - PSNR: 36.13 dB
26-03-16 19:42:29.247 : 0887.png - PSNR: 25.33 dB
26-03-16 19:42:29.416 : 0888.png - PSNR: 30.43 dB
26-03-16 19:42:29.596 : 0889.png - PSNR: 30.77 dB
26-03-16 19:42:29.757 : 0890.png - PSNR: 25.30 dB
26-03-16 19:42:29.984 : 0891.png - PSNR: 26.93 dB
26-03-16 19:42:30.137 : 0892.png - PSNR: 30.04 dB
26-03-16 19:42:30.297 : 0893.png - PSNR: 33.20 dB
26-03-16 19:42:30.477 : 0894.png - PSNR: 31.75 dB
26-03-16 19:42:30.631 : 0895.png - PSNR: 20.40 dB
26-03-16 19:42:30.788 : 0896.png - PSNR: 38.71 dB
26-03-16 19:42:30.954 : 0897.png - PSNR: 22.12 dB
26-03-16 19:42:31.118 : 0898.png - PSNR: 34.36 dB
26-03-16 19:42:31.281 : 0899.png - PSNR: 31.33 dB
26-03-16 19:42:31.432 : 0900.png - PSNR: 28.05 dB
26-03-16 19:42:31.432 :       Max Memory : 689.302 [M]
26-03-16 19:42:31.432 : ------> Average runtime of (valid) is : 35.350956 milliseconds
26-03-16 19:42:31.432 : ------> Average PSNR of (valid) is : 26.912527 dB
26-03-16 19:42:31.439 :     #Activations : 84.5414 [M]
26-03-16 19:42:31.439 :          #Conv2d : 36
26-03-16 19:42:31.477 :            FLOPs : 22.6009 [G]
26-03-16 19:42:31.477 :          #Params : 0.3462 [M]
